// Jest Snapshot v1, https://goo.gl/fbAQLP

exports[`List should match the snapshot 1`] = `
<body>
  <div>
    <ul
      class="MuiList-root MuiList-padding oxygen-list css-h4y409-MuiList-root"
    />
  </div>
</body>
`;
