// Jest Snapshot v1, https://goo.gl/fbAQLP

exports[`AppBar should match the snapshot 1`] = `
<body>
  <div>
    <header
      class="MuiPaper-root MuiPaper-elevation MuiPaper-elevation4 MuiAppBar-root MuiAppBar-colorPrimary MuiAppBar-positionFixed oxygen-app-bar mui-fixed css-h3h9u3-MuiPaper-root-MuiAppBar-root"
    />
  </div>
</body>
`;
