// Jest Snapshot v1, https://goo.gl/fbAQLP

exports[`Typography should match the snapshot 1`] = `
<body>
  <div>
    <p
      class="MuiTypography-root MuiTypography-body1 oxygen-typography css-o7dkqi-MuiTypography-root"
    >
      Sample Text
    </p>
  </div>
</body>
`;
