// Jest Snapshot v1, https://goo.gl/fbAQLP

exports[`FormGroup should match the snapshot 1`] = `
<body>
  <div>
    <div
      class="MuiFormGroup-root oxygen-form-group css-dmmspl-MuiFormGroup-root"
    />
  </div>
</body>
`;
