// Jest Snapshot v1, https://goo.gl/fbAQLP

exports[`Snackbar should match the snapshot 1`] = `
<body>
  <div />
</body>
`;
