// Jest Snapshot v1, https://goo.gl/fbAQLP

exports[`AppShell should match the snapshot 1`] = `
<body>
  <div>
    <header
      class="MuiPaper-root MuiPaper-elevation MuiPaper-elevation4 MuiAppBar-root MuiAppBar-colorPrimary MuiAppBar-positionFixed oxygen-app-shell mui-fixed css-vfrfmn-MuiPaper-root-MuiAppBar-root"
    />
  </div>
</body>
`;
