// Jest Snapshot v1, https://goo.gl/fbAQLP

exports[`FormControl should match the snapshot 1`] = `
<body>
  <div>
    <div
      class="MuiFormControl-root oxygen-form-control css-1nrlq1o-MuiFormControl-root"
    />
  </div>
</body>
`;
