// Jest Snapshot v1, https://goo.gl/fbAQLP

exports[`SignIn should match the snapshot 1`] = `
<body>
  <div>
    <div
      class="oxygen-sign-in MuiBox-root css-0"
    >
      <img
        class="oxygen-sign-in-logo MuiBox-root css-0"
        src="#"
      />
      <div
        class="MuiPaper-root MuiPaper-outlined MuiPaper-rounded oxygen-sign-in-box css-l7nmq7-MuiPaper-root"
      >
        <h5
          class="MuiTypography-root MuiTypography-h5 oxygen-sign-in-header css-ngjtbp-MuiTypography-root"
        >
          Sign in
        </h5>
        <form
          class="oxygen-sign-in-form MuiBox-root css-164r41r"
          novalidate=""
        >
          <div
            class="oxygen-text-field"
          >
            <label
              aria-describedby="name"
              class="MuiFormLabel-root MuiInputLabel-root MuiInputLabel-animated MuiFormLabel-colorPrimary MuiInputLabel-root MuiInputLabel-animated oxygen-input-label css-f3834g-MuiFormLabel-root-MuiInputLabel-root"
              for="name"
            >
              Username
            </label>
            <div
              class="MuiFormControl-root MuiFormControl-fullWidth MuiTextField-root css-wb57ya-MuiFormControl-root-MuiTextField-root"
            >
              <div
                class="MuiInputBase-root MuiOutlinedInput-root MuiInputBase-colorPrimary MuiInputBase-fullWidth Mui-focused MuiInputBase-formControl css-e1xd3c-MuiInputBase-root-MuiOutlinedInput-root"
              >
                <input
                  aria-invalid="false"
                  class="MuiInputBase-input MuiOutlinedInput-input css-d9o7zs-MuiInputBase-input-MuiOutlinedInput-input"
                  id="name"
                  name="text"
                  placeholder="Enter your username"
                  required=""
                  type="text"
                  value=""
                />
                <fieldset
                  aria-hidden="true"
                  class="MuiOutlinedInput-notchedOutline css-116asjz-MuiOutlinedInput-notchedOutline"
                >
                  <legend
                    class="css-ihdtdm"
                  >
                    <span
                      class="notranslate"
                    >
                      ​
                    </span>
                  </legend>
                </fieldset>
              </div>
            </div>
          </div>
          <div
            class="oxygen-text-field"
          >
            <label
              aria-describedby="password"
              class="MuiFormLabel-root MuiInputLabel-root MuiInputLabel-animated MuiFormLabel-colorPrimary MuiInputLabel-root MuiInputLabel-animated oxygen-input-label css-f3834g-MuiFormLabel-root-MuiInputLabel-root"
              for="password"
            >
              Password
            </label>
            <div
              class="MuiFormControl-root MuiFormControl-fullWidth MuiTextField-root css-wb57ya-MuiFormControl-root-MuiTextField-root"
            >
              <div
                class="MuiInputBase-root MuiOutlinedInput-root MuiInputBase-colorPrimary MuiInputBase-fullWidth MuiInputBase-formControl MuiInputBase-adornedEnd css-115mmlx-MuiInputBase-root-MuiOutlinedInput-root"
              >
                <input
                  aria-invalid="false"
                  autocomplete="current-password"
                  class="MuiInputBase-input MuiOutlinedInput-input MuiInputBase-inputAdornedEnd css-11fn00k-MuiInputBase-input-MuiOutlinedInput-input"
                  id=":r4:"
                  name="password"
                  placeholder="Enter your password"
                  required=""
                  type="password"
                  value=""
                />
                <div
                  class="MuiInputAdornment-root MuiInputAdornment-positionEnd MuiInputAdornment-outlined MuiInputAdornment-sizeMedium css-103jkr5-MuiInputAdornment-root"
                >
                  <button
                    aria-label="toggle password visibility"
                    class="MuiButtonBase-root MuiIconButton-root MuiIconButton-edgeEnd MuiIconButton-sizeMedium oxygen-icon-button css-1q9q5zz-MuiButtonBase-root-MuiIconButton-root"
                    tabindex="0"
                    type="button"
                  >
                    <svg
                      aria-hidden="true"
                      class="oxygen-icon oxygen-icon-eye"
                      fill="currentColor"
                      focusable="false"
                      height="16"
                      role="img"
                      style="display: inline-block; overflow: visible; user-select: none; vertical-align: text-bottom;"
                      viewBox="0 0 16 16"
                      width="16"
                    >
                      <path
                        clip-rule="evenodd"
                        d="M7.99969 2C5.38552 2 2.88413 3.04002 0.456376 7.21515L0 8L0.456376 8.78485L0.677111 9.15847C3.03624 13.0871 5.46521 14 7.99969 14C10.6138 14 13.1152 12.96 15.543 8.78485L16 7.99892L15.3234 6.84341C12.9631 2.91293 10.5342 2 7.99969 2ZM8.21026 3.09654C10.3162 3.20912 12.4309 3.92049 14.5603 7.46652L14.8724 8.00109L14.7751 8.16996C12.503 12.0775 10.2462 12.9091 7.99969 12.9091C5.82409 12.9091 3.63943 12.1977 1.43904 8.53348L1.12513 7.99891L1.22426 7.83004C3.49642 3.9225 5.75314 3.09091 7.99969 3.09091L8.21026 3.09654ZM8 5C9.65685 5 11 6.34315 11 8C11 9.65685 9.65685 11 8 11C6.34315 11 5 9.65685 5 8C5 6.34315 6.34315 5 8 5ZM8 6C6.89543 6 6 6.89543 6 8C6 9.10457 6.89543 10 8 10C9.10457 10 10 9.10457 10 8C10 6.89543 9.10457 6 8 6Z"
                        fill=""
                        fill-rule="evenodd"
                      />
                      <mask
                        height="12"
                        id="mask0_421_1547"
                        maskUnits="userSpaceOnUse"
                        width="16"
                        x="0"
                        y="2"
                      >
                        <path
                          clip-rule="evenodd"
                          d="M7.99969 2C5.38552 2 2.88413 3.04002 0.456376 7.21515L0 8L0.456376 8.78485L0.677111 9.15847C3.03624 13.0871 5.46521 14 7.99969 14C10.6138 14 13.1152 12.96 15.543 8.78485L16 7.99892L15.3234 6.84341C12.9631 2.91293 10.5342 2 7.99969 2ZM8.21026 3.09654C10.3162 3.20912 12.4309 3.92049 14.5603 7.46652L14.8724 8.00109L14.7751 8.16996C12.503 12.0775 10.2462 12.9091 7.99969 12.9091C5.82409 12.9091 3.63943 12.1977 1.43904 8.53348L1.12513 7.99891L1.22426 7.83004C3.49642 3.9225 5.75314 3.09091 7.99969 3.09091L8.21026 3.09654ZM8 5C9.65685 5 11 6.34315 11 8C11 9.65685 9.65685 11 8 11C6.34315 11 5 9.65685 5 8C5 6.34315 6.34315 5 8 5ZM8 6C6.89543 6 6 6.89543 6 8C6 9.10457 6.89543 10 8 10C9.10457 10 10 9.10457 10 8C10 6.89543 9.10457 6 8 6Z"
                          fill=""
                          fill-rule="evenodd"
                        />
                      </mask>
                      <g
                        mask="url(#mask0_421_1547)"
                      />
                    </svg>
                    <span
                      class="MuiTouchRipple-root css-8je8zh-MuiTouchRipple-root"
                    />
                  </button>
                </div>
                <fieldset
                  aria-hidden="true"
                  class="MuiOutlinedInput-notchedOutline css-116asjz-MuiOutlinedInput-notchedOutline"
                >
                  <legend
                    class="css-ihdtdm"
                  >
                    <span
                      class="notranslate"
                    >
                      ​
                    </span>
                  </legend>
                </fieldset>
              </div>
            </div>
          </div>
          <button
            class="MuiButtonBase-root MuiButton-root MuiLoadingButton-root MuiButton-contained MuiButton-containedPrimary MuiButton-sizeMedium MuiButton-containedSizeMedium MuiButton-fullWidth MuiButton-root MuiLoadingButton-root MuiButton-contained MuiButton-containedPrimary MuiButton-sizeMedium MuiButton-containedSizeMedium MuiButton-fullWidth oxygen-button oxygen-sign-in-cta css-17cmim7-MuiButtonBase-root-MuiButton-root-MuiLoadingButton-root"
            id=":r5:"
            tabindex="0"
            type="submit"
          >
            Sign In
            <span
              class="MuiTouchRipple-root css-8je8zh-MuiTouchRipple-root"
            />
          </button>
          <div
            class="MuiGrid-root MuiGrid-container oxygen-sign-in-sign-up-link css-11lq3yg-MuiGrid-root"
          >
            <div
              class="MuiGrid-root MuiGrid-item css-13i4rnv-MuiGrid-root"
            >
              Don't have an account?
            </div>
            <div
              class="MuiGrid-root MuiGrid-item css-13i4rnv-MuiGrid-root"
            >
              <a
                class="MuiTypography-root MuiTypography-inherit MuiLink-root MuiLink-underlineHover oxygen-link oxygen-sign-in-sign-up-link-action css-c2ph3r-MuiTypography-root-MuiLink-root"
                href="#"
              >
                Sign up
              </a>
            </div>
          </div>
        </form>
      </div>
    </div>
  </div>
</body>
`;
