// Jest Snapshot v1, https://goo.gl/fbAQLP

exports[`Skeleton should match the snapshot 1`] = `
<body>
  <div>
    <span
      class="MuiSkeleton-root MuiSkeleton-text MuiSkeleton-pulse oxygen-skeleton css-abjlxe-MuiSkeleton-root"
    />
  </div>
</body>
`;
