// Jest Snapshot v1, https://goo.gl/fbAQLP

exports[`TextField should match the snapshot 1`] = `
<body>
  <div>
    <div
      class="oxygen-text-field"
    >
      <label
        class="MuiFormLabel-root MuiInputLabel-root MuiInputLabel-animated MuiInputLabel-shrink MuiFormLabel-colorPrimary MuiInputLabel-root MuiInputLabel-animated MuiInputLabel-shrink oxygen-text-field__label css-1lym8jl-MuiFormLabel-root-MuiInputLabel-root"
        data-shrink="true"
        for="id"
      />
      <div
        class="MuiFormControl-root MuiTextField-root oxygen-text-field__input css-1u3bzj6-MuiFormControl-root-MuiTextField-root"
      >
        <div
          class="MuiInputBase-root MuiOutlinedInput-root MuiInputBase-colorPrimary MuiInputBase-formControl css-kfyxoi-MuiInputBase-root-MuiOutlinedInput-root"
        >
          <input
            aria-invalid="false"
            class="MuiInputBase-input MuiOutlinedInput-input css-d9o7zs-MuiInputBase-input-MuiOutlinedInput-input"
            id=":r1:"
            type="text"
            value=""
          />
          <fieldset
            aria-hidden="true"
            class="MuiOutlinedInput-notchedOutline css-116asjz-MuiOutlinedInput-notchedOutline"
          >
            <legend
              class="css-ihdtdm"
            >
              <span
                class="notranslate"
              >
                â€‹
              </span>
            </legend>
          </fieldset>
        </div>
      </div>
    </div>
  </div>
</body>
`;
