// Jest Snapshot v1, https://goo.gl/fbAQLP

exports[`InputLabel should match the snapshot 1`] = `
<body>
  <div>
    <label
      class="MuiFormLabel-root MuiInputLabel-root MuiInputLabel-animated MuiFormLabel-colorPrimary MuiInputLabel-root MuiInputLabel-animated oxygen-input-label css-1w93pcl-MuiFormLabel-root-MuiInputLabel-root"
    />
  </div>
</body>
`;
