// Jest Snapshot v1, https://goo.gl/fbAQLP

exports[`AppShell should match the snapshot 1`] = `
<body>
  <div>
    <div
      class="oxygen-box oxygen-app-shell MuiBox-root css-0"
    >
      <div
        class="oxygen-box oxygen-app-shell-content MuiBox-root css-0"
      >
        <div
          class="oxygen-box oxygen-app-shell-main-wrapper MuiBox-root css-0"
        >
          <main
            class="oxygen-box oxygen-app-shell-main MuiBox-root css-0"
          />
        </div>
      </div>
    </div>
  </div>
</body>
`;
