// Jest Snapshot v1, https://goo.gl/fbAQLP

exports[`ListItemText should match the snapshot 1`] = `
<body>
  <div>
    <div
      class="MuiListItemText-root oxygen-list-item-text css-tlelie-MuiListItemText-root"
    >
      <span
        class="MuiTypography-root MuiTypography-body1 MuiListItemText-primary css-oi6amf-MuiTypography-root"
      >
        List Item Text
      </span>
    </div>
  </div>
</body>
`;
