// Jest Snapshot v1, https://goo.gl/fbAQLP

exports[`AccordionSummary should match the snapshot 1`] = `
<body>
  <div>
    <div
      class="MuiButtonBase-root MuiAccordionSummary-root MuiAccordionSummary-gutters oxygen-accordion-summary css-b0toe7-MuiButtonBase-root-MuiAccordionSummary-root"
      role="button"
      tabindex="0"
    >
      <div
        class="MuiAccordionSummary-content MuiAccordionSummary-contentGutters css-o4b71y-MuiAccordionSummary-content"
      />
    </div>
  </div>
</body>
`;
